// Jest Snapshot v1, https://goo.gl/fbAQLP

exports[`Search bar should render correctly 1`] = `
<DocumentFragment>
  <div
    class="container"
  >
    <img
      alt="nasa-logo"
      class="logo"
      data-testid="logo"
      src="https://www.seekpng.com/png/full/393-3935156_nasa-app-app-logo-png-download-nasa-logo.png"
    />
    <form
      class="search-form"
    >
      <input
        class="search-bar"
        data-testid="search-bar"
        placeholder="Search"
        type="text"
      />
      <button
        class="search-button"
        type="submit"
      >
        Go!
      </button>
    </form>
  </div>
</DocumentFragment>
`;
